Unknown:
C:\Users\palit\Desktop\Project1\Project1.1 - Copy\Result\farfield (f=24)1D_pw.ffp
C:\Users\palit\Desktop\Project1\Project1.1 - Copy\Result\farfield (f=24)_pw.fme
C:\Users\palit\Desktop\Project1\Project1.1 - Copy\Result\farfield (f=30)1D_pw.ffp
C:\Users\palit\Desktop\Project1\Project1.1 - Copy\Result\farfield (f=30)_pw.fme
C:\Users\palit\Desktop\Project1\Project1.1 - Copy\Result\farfield (f=38)1D_pw.ffp
C:\Users\palit\Desktop\Project1\Project1.1 - Copy\Result\farfield (f=38)_pw.fme
C:\Users\palit\Desktop\Project1\Project1.1 - Copy\Result\Farfield_mono_tmp.sig
C:\Users\palit\Desktop\Project1\Project1.1 - Copy\Result\Hex.gap
C:\Users\palit\Desktop\Project1\Project1.1 - Copy\Result\MCalc-Facets-1xN.log
C:\Users\palit\Desktop\Project1\Project1.1 - Copy\Result\MCalc-Facets-PP.log
C:\Users\palit\Desktop\Project1\Project1.1 - Copy\Result\MCalc.ddi
C:\Users\palit\Desktop\Project1\Project1.1 - Copy\Result\MCalc.log
C:\Users\palit\Desktop\Project1\Project1.1 - Copy\Result\MCalcMMC.log
C:\Users\palit\Desktop\Project1\Project1.1 - Copy\Result\ml_info.log
C:\Users\palit\Desktop\Project1\Project1.1 - Copy\Result\Model.axg
C:\Users\palit\Desktop\Project1\Project1.1 - Copy\Result\Model.coco
C:\Users\palit\Desktop\Project1\Project1.1 - Copy\Result\Model.ddi
C:\Users\palit\Desktop\Project1\Project1.1 - Copy\Result\Model.log
C:\Users\palit\Desktop\Project1\Project1.1 - Copy\Result\Model.sa
C:\Users\palit\Desktop\Project1\Project1.1 - Copy\Result\Model.sam
C:\Users\palit\Desktop\Project1\Project1.1 - Copy\Result\ModelPBA.axg
C:\Users\palit\Desktop\Project1\Project1.1 - Copy\Result\Model_m1.sam
C:\Users\palit\Desktop\Project1\Project1.1 - Copy\Result\m^fifx.dsc
C:\Users\palit\Desktop\Project1\Project1.1 - Copy\Result\m^fqq.dsc
C:\Users\palit\Desktop\Project1\Project1.1 - Copy\Result\Ports.web
C:\Users\palit\Desktop\Project1\Project1.1 - Copy\Result\Postprocessing.log
C:\Users\palit\Desktop\Project1\Project1.1 - Copy\Result\PP-Prio.log
C:\Users\palit\Desktop\Project1\Project1.1 - Copy\Result\p^a.dsc
C:\Users\palit\Desktop\Project1\Project1.1 - Copy\Result\P^m^fbqq.slog
C:\Users\palit\Desktop\Project1\Project1.1 - Copy\Result\P^m^fqq.slog
C:\Users\palit\Desktop\Project1\Project1.1 - Copy\Result\P^p^m.slog
C:\Users\palit\Desktop\Project1\Project1.1 - Copy\Result\P^s^pm.slog
Mesh:
C:\Users\palit\Desktop\Project1\Project1.1 - Copy\Result\dA.mat
C:\Users\palit\Desktop\Project1\Project1.1 - Copy\Result\dad.mat
C:\Users\palit\Desktop\Project1\Project1.1 - Copy\Result\ds.mat
C:\Users\palit\Desktop\Project1\Project1.1 - Copy\Result\dsd.mat
C:\Users\palit\Desktop\Project1\Project1.1 - Copy\Result\dsMCalc.mat
C:\Users\palit\Desktop\Project1\Project1.1 - Copy\Result\Eps.mat
C:\Users\palit\Desktop\Project1\Project1.1 - Copy\Result\HexMatrix.m2h
C:\Users\palit\Desktop\Project1\Project1.1 - Copy\Result\HexMatrix^f^d^1.m2h
C:\Users\palit\Desktop\Project1\Project1.1 - Copy\Result\HexMatrix^f^n^1.m2h
C:\Users\palit\Desktop\Project1\Project1.1 - Copy\Result\HexMatrix_MCalc.m2h
C:\Users\palit\Desktop\Project1\Project1.1 - Copy\Result\Kappa.mat
C:\Users\palit\Desktop\Project1\Project1.1 - Copy\Result\MCalc.fmp
C:\Users\palit\Desktop\Project1\Project1.1 - Copy\Result\MCalc.xcfd
C:\Users\palit\Desktop\Project1\Project1.1 - Copy\Result\Meta.m2h
C:\Users\palit\Desktop\Project1\Project1.1 - Copy\Result\Model.cct
C:\Users\palit\Desktop\Project1\Project1.1 - Copy\Result\Model.fmf
C:\Users\palit\Desktop\Project1\Project1.1 - Copy\Result\Model.fmm
C:\Users\palit\Desktop\Project1\Project1.1 - Copy\Result\Model.fpc
C:\Users\palit\Desktop\Project1\Project1.1 - Copy\Result\Model.fwf
C:\Users\palit\Desktop\Project1\Project1.1 - Copy\Result\Model.sic
C:\Users\palit\Desktop\Project1\Project1.1 - Copy\Result\Model.sid
C:\Users\palit\Desktop\Project1\Project1.1 - Copy\Result\Model.spi
C:\Users\palit\Desktop\Project1\Project1.1 - Copy\Result\Model.xcfd
C:\Users\palit\Desktop\Project1\Project1.1 - Copy\Result\Mue.mat
C:\Users\palit\Desktop\Project1\Project1.1 - Copy\Result\m^fqq.mem
C:\Users\palit\Desktop\Project1\Project1.1 - Copy\Result\PEC.mat
C:\Users\palit\Desktop\Project1\Project1.1 - Copy\Result\p^a.mem
C:\Users\palit\Desktop\Project1\Project1.1 - Copy\Result\p^m.mem
C:\Users\palit\Desktop\Project1\Project1.1 - Copy\Result\Rho.mat
C:\Users\palit\Desktop\Project1\Project1.1 - Copy\Result\S2HMatrix.m2h
C:\Users\palit\Desktop\Project1\Project1.1 - Copy\Result\Shapes.con
C:\Users\palit\Desktop\Project1\Project1.1 - Copy\Result\s^pm.mem
Port:
